Initialized native services in: C:\Users\ivani\.gradle\native
Initialized jansi services in: C:\Users\ivani\.gradle\native
Found daemon DaemonInfo{pid=21556, address=[4d4877a8-26a8-459e-91c4-514233d735d6 port:64543, addresses:[/127.0.0.1]], state=Idle, lastBusy=1762332949933, context=DefaultDaemonContext[uid=a7b90e86-d620-47fd-b296-ffc1e0a7d9af,javaHome=C:\Program Files\Java\jre1.8.0_461,javaVersion=8,javaVendor=Oracle Corporation,daemonRegistryDir=C:\Users\ivani\.gradle\daemon,pid=21556,idleTimeout=10800000,priority=NORMAL,applyInstrumentationAgent=true,nativeServicesMode=ENABLED,daemonOpts=-XX:MaxMetaspaceSize=384m,-XX:+HeapDumpOnOutOfMemoryError,-Xms256m,-Xmx512m,-Dfile.encoding=windows-1252,-Duser.country=ES,-Duser.language=es,-Duser.variant]} however its context does not match the desired criteria.
JVM is incompatible.
Wanted: DaemonRequestContext{jvmCriteria=C:\Program Files\Java\jdk-21 (no JDK specified, using current Java home), daemonOpts=[-XX:MaxMetaspaceSize=384m, -XX:+HeapDumpOnOutOfMemoryError, -Xms256m, -Xmx512m, -Dfile.encoding=UTF-8, -Duser.country=ES, -Duser.language=es, -Duser.variant], applyInstrumentationAgent=true, nativeServicesMode=ENABLED, priority=NORMAL}
Actual: DefaultDaemonContext[uid=a7b90e86-d620-47fd-b296-ffc1e0a7d9af,javaHome=C:\Program Files\Java\jre1.8.0_461,javaVersion=8,javaVendor=Oracle Corporation,daemonRegistryDir=C:\Users\ivani\.gradle\daemon,pid=21556,idleTimeout=10800000,priority=NORMAL,applyInstrumentationAgent=true,nativeServicesMode=ENABLED,daemonOpts=-XX:MaxMetaspaceSize=384m,-XX:+HeapDumpOnOutOfMemoryError,-Xms256m,-Xmx512m,-Dfile.encoding=windows-1252,-Duser.country=ES,-Duser.language=es,-Duser.variant]

  Looking for a different daemon...
The client will now receive all logging from the daemon (pid: 12936). The daemon log file: C:\Users\ivani\.gradle\daemon\8.14.3\daemon-12936.out.log
Starting 5th build in daemon [uptime: 10 mins 24.799 secs, performance: 99%, GC rate: 0.00/s, heap usage: 0% of 512 MiB, non-heap usage: 23% of 384 MiB]
Using 8 worker leases.
Now considering [C:\Users\ivani\Documents\Ingenier├¡a Inform├ítica\Cuarto\Ingenier├¡a de Servicios\Roomify] as hierarchies to watch
Watching the file system is configured to be enabled if available
File system watching is active
Starting Build
Settings evaluated using settings file 'C:\Users\ivani\Documents\Ingenier├¡a Inform├ítica\Cuarto\Ingenier├¡a de Servicios\Roomify\settings.gradle'.
Projects loaded. Root project using build file 'C:\Users\ivani\Documents\Ingenier├¡a Inform├ítica\Cuarto\Ingenier├¡a de Servicios\Roomify\build.gradle'.
Included projects: [root project 'roomify']

> Configure project :
Evaluating root project 'roomify' using build file 'C:\Users\ivani\Documents\Ingenier├¡a Inform├ítica\Cuarto\Ingenier├¡a de Servicios\Roomify\build.gradle'.
Resolved plugin [id: 'java']
Resolved plugin [id: 'org.springframework.boot', version: '4.0.0-M3']
Resolved plugin [id: 'io.spring.dependency-management', version: '1.1.7']
Applying dependency management to configuration 'annotationProcessor' in project 'roomify'
Applying dependency management to configuration 'apiElements' in project 'roomify'
Applying dependency management to configuration 'archives' in project 'roomify'
Applying dependency management to configuration 'bootArchives' in project 'roomify'
Applying dependency management to configuration 'compileClasspath' in project 'roomify'
Applying dependency management to configuration 'compileOnly' in project 'roomify'
Applying dependency management to configuration 'default' in project 'roomify'
Applying dependency management to configuration 'developmentOnly' in project 'roomify'
Applying dependency management to configuration 'implementation' in project 'roomify'
Applying dependency management to configuration 'mainSourceElements' in project 'roomify'
Applying dependency management to configuration 'productionRuntimeClasspath' in project 'roomify'
Applying dependency management to configuration 'runtimeClasspath' in project 'roomify'
Applying dependency management to configuration 'runtimeElements' in project 'roomify'
Applying dependency management to configuration 'runtimeOnly' in project 'roomify'
Applying dependency management to configuration 'testAndDevelopmentOnly' in project 'roomify'
Applying dependency management to configuration 'testAnnotationProcessor' in project 'roomify'
Applying dependency management to configuration 'testCompileClasspath' in project 'roomify'
Applying dependency management to configuration 'testCompileOnly' in project 'roomify'
Applying dependency management to configuration 'testImplementation' in project 'roomify'
Applying dependency management to configuration 'testResultsElementsForTest' in project 'roomify'
Applying dependency management to configuration 'testRuntimeClasspath' in project 'roomify'
Applying dependency management to configuration 'testRuntimeOnly' in project 'roomify'
All projects evaluated.
Task name matched 'clean'
Task name matched 'test'
Selected primary task 'clean' from project :
Selected primary task 'test' from project :
Resolving global dependency management for project 'roomify'
Excluding []
Excluding []
Excluding []
Excluding []
Excluding []
Excluding []
Tasks to be executed: [task ':clean', task ':compileJava', task ':processResources', task ':classes', task ':compileTestJava', task ':processTestResources', task ':testClasses', task ':test']
Tasks that were excluded: []
Resolve mutations for :clean (Thread[#563,Execution worker,5,main]) started.
:clean (Thread[#563,Execution worker,5,main]) started.
destroyer locations for task group 0 (Thread[#562,included builds,5,main]) started.

> Task :clean
Caching disabled for task ':clean' because:
  Build cache is disabled
Task ':clean' is not up-to-date because:
  Task has not declared any outputs despite executing actions.
Resolve mutations for :compileJava (Thread[#563,Execution worker,5,main]) started.
:compileJava (Thread[#563,Execution worker,5,main]) started.

> Task :compileJava
Custom actions are attached to task ':compileJava'.
Caching disabled for task ':compileJava' because:
  Build cache is disabled
Task ':compileJava' is not up-to-date because:
  Output property 'destinationDirectory' file C:\Users\ivani\Documents\Ingenier├¡a Inform├ítica\Cuarto\Ingenier├¡a de Servicios\Roomify\build\classes\java\main has been removed.
  Output property 'destinationDirectory' file C:\Users\ivani\Documents\Ingenier├¡a Inform├ítica\Cuarto\Ingenier├¡a de Servicios\Roomify\build\classes\java\main\com has been removed.
  Output property 'destinationDirectory' file C:\Users\ivani\Documents\Ingenier├¡a Inform├ítica\Cuarto\Ingenier├¡a de Servicios\Roomify\build\classes\java\main\com\gal has been removed.
  and more...
The input changes require a full rebuild for incremental task ':compileJava'.
Compilation mode: in-process compilation
Full recompilation is required because no incremental change information is available. This is usually caused by clean builds or changing compiler arguments.
Compiling with toolchain 'C:\Program Files\Java\jdk-21'.
Compiling with JDK Java compiler API.
Class dependency analysis for incremental compilation took 0.032 secs.
Created classpath snapshot for incremental compilation in 0.017 secs.
Resolve mutations for :processResources (Thread[#563,Execution worker,5,main]) started.
:processResources (Thread[#563,Execution worker,5,main]) started.

> Task :processResources
Caching disabled for task ':processResources' because:
  Build cache is disabled
  Not worth caching
Task ':processResources' is not up-to-date because:
  Output property 'destinationDir' file C:\Users\ivani\Documents\Ingenier├¡a Inform├ítica\Cuarto\Ingenier├¡a de Servicios\Roomify\build\resources\main has been removed.
  Output property 'destinationDir' file C:\Users\ivani\Documents\Ingenier├¡a Inform├ítica\Cuarto\Ingenier├¡a de Servicios\Roomify\build\resources\main\application.properties has been removed.
  Output property 'destinationDir' file C:\Users\ivani\Documents\Ingenier├¡a Inform├ítica\Cuarto\Ingenier├¡a de Servicios\Roomify\build\resources\main\static has been removed.
  and more...
Resolve mutations for :classes (Thread[#563,Execution worker,5,main]) started.
:classes (Thread[#563,Execution worker,5,main]) started.

> Task :classes
Skipping task ':classes' as it has no actions.
Resolve mutations for :compileTestJava (Thread[#563,Execution worker,5,main]) started.
:compileTestJava (Thread[#563,Execution worker,5,main]) started.

> Task :compileTestJava
Custom actions are attached to task ':compileTestJava'.
Caching disabled for task ':compileTestJava' because:
  Build cache is disabled
Task ':compileTestJava' is not up-to-date because:
  Output property 'destinationDirectory' file C:\Users\ivani\Documents\Ingenier├¡a Inform├ítica\Cuarto\Ingenier├¡a de Servicios\Roomify\build\classes\java\test has been removed.
  Output property 'destinationDirectory' file C:\Users\ivani\Documents\Ingenier├¡a Inform├ítica\Cuarto\Ingenier├¡a de Servicios\Roomify\build\classes\java\test\com has been removed.
  Output property 'destinationDirectory' file C:\Users\ivani\Documents\Ingenier├¡a Inform├ítica\Cuarto\Ingenier├¡a de Servicios\Roomify\build\classes\java\test\com\gal has been removed.
  and more...
The input changes require a full rebuild for incremental task ':compileTestJava'.
Compilation mode: in-process compilation
Full recompilation is required because no incremental change information is available. This is usually caused by clean builds or changing compiler arguments.
Compiling with toolchain 'C:\Program Files\Java\jdk-21'.
Compiling with JDK Java compiler API.
Class dependency analysis for incremental compilation took 0.003 secs.
Created classpath snapshot for incremental compilation in 0.016 secs.
Resolve mutations for :processTestResources (Thread[#563,Execution worker,5,main]) started.
:processTestResources (Thread[#563,Execution worker,5,main]) started.

> Task :processTestResources
Caching disabled for task ':processTestResources' because:
  Build cache is disabled
  Not worth caching
Task ':processTestResources' is not up-to-date because:
  Output property 'destinationDir' file C:\Users\ivani\Documents\Ingenier├¡a Inform├ítica\Cuarto\Ingenier├¡a de Servicios\Roomify\build\resources\test has been removed.
  Output property 'destinationDir' file C:\Users\ivani\Documents\Ingenier├¡a Inform├ítica\Cuarto\Ingenier├¡a de Servicios\Roomify\build\resources\test\application-test.properties has been removed.
Resolve mutations for :testClasses (Thread[#563,Execution worker,5,main]) started.
:testClasses (Thread[#563,Execution worker,5,main]) started.

> Task :testClasses
Skipping task ':testClasses' as it has no actions.
Resolve mutations for :test (Thread[#563,Execution worker,5,main]) started.
:test (Thread[#563,Execution worker,5,main]) started.
Gradle Test Executor 4 started executing tests.
Gradle Test Executor 4 finished executing tests.

> Task :test FAILED
Caching disabled for task ':test' because:
  Build cache is disabled
Task ':test' is not up-to-date because:
  Task has failed previously.
Starting process 'Gradle Test Executor 4'. Working directory: C:\Users\ivani\Documents\Ingenier├¡a Inform├ítica\Cuarto\Ingenier├¡a de Servicios\Roomify Command: C:\Program Files\Java\jdk-21\bin\java.exe -Dorg.gradle.internal.worker.tmpdir=C:\Users\ivani\Documents\Ingenier├¡a Inform├ítica\Cuarto\Ingenier├¡a de Servicios\Roomify\build\tmp\test\work @C:\Users\ivani\.gradle\.tmp\gradle-worker-classpath17734298535995846261txt -Xmx512m -Dfile.encoding=UTF-8 -Duser.country=ES -Duser.language=es -Duser.variant -ea worker.org.gradle.process.internal.worker.GradleWorkerMain 'Gradle Test Executor 4'
Successfully started process 'Gradle Test Executor 4'

Resultados de tests: FAILURE
Tests ejecutados: 0
Pasados: 0
Fallados: 0
Omitidos: 0
Finished generating test XML results (0.001 secs) into: C:\Users\ivani\Documents\Ingenier├¡a Inform├ítica\Cuarto\Ingenier├¡a de Servicios\Roomify\build\test-results\test
Generating HTML test report...
Finished generating test html results (0.008 secs) into: C:\Users\ivani\Documents\Ingenier├¡a Inform├ítica\Cuarto\Ingenier├¡a de Servicios\Roomify\build\reports\tests\test

[Incubating] Problems report is available at: file:///C:/Users/ivani/Documents/Ingenier%C3%ADa%20Inform%C3%A1tica/Cuarto/Ingenier%C3%ADa%20de%20Servicios/Roomify/build/reports/problems/problems-report.html

Deprecated Gradle features were used in this build, making it incompatible with Gradle 9.0.

You can use '--warning-mode all' to show the individual deprecation warnings and determine if they come from your own scripts or plugins.

For more on this, please refer to https://docs.gradle.org/8.14.3/userguide/command_line_interface.html#sec:command_line_warnings in the Gradle documentation.
6 actionable tasks: 6 executed
Watched directory hierarchies: [C:\Users\ivani\Documents\Ingenier├¡a Inform├ítica\Cuarto\Ingenier├¡a de Servicios\Roomify]
./gradlew : 
En línea: 1 Carácter: 1
+ ./gradlew clean test --info 2>&1 | Out-File -FilePath test-output.txt
+ ~~~~~~~~~~~~~~~~~~~~~~~~~~~~~~~~
    + CategoryInfo          : NotSpecified: (:String) [], RemoteException
    + FullyQualifiedErrorId : NativeCommandError
 
FAILURE: Build failed with an exception.

* What went wrong:
Execution failed for task ':test'.
> There were failing tests. See the report at: 
file:///C:/Users/ivani/Documents/Ingenier%C3%ADa%20Inform%C3%A1tica/Cuarto/Ingenier%C3%ADa%20de%20Servicios/Roomify/build/reports/tests/test/index.html

* Try:
> Run with --scan to get full insights.

BUILD FAILED in 6s
